<html>
<body>
<pre>
<h1>µVision Build Log</h1>
<h2>Tool Versions:</h2>
IDE-Version: µVision V5.23.0.0
Copyright (C) 2017 ARM Ltd and ARM Germany GmbH. All rights reserved.
License Information: CSN CSN, INSA de Toulouse, LIC=----
 
Tool Versions:
Toolchain:       MDK-Lite  Version: 5.23
Toolchain Path:  C:\Keil_v5\ARM\ARMCC\Bin
C Compiler:      Armcc.exe V5.06 update 4 (build 422)
Assembler:       Armasm.exe V5.06 update 4 (build 422)
Linker/Locator:  ArmLink.exe V5.06 update 4 (build 422)
Library Manager: ArmAr.exe V5.06 update 4 (build 422)
Hex Converter:   FromElf.exe V5.06 update 4 (build 422)
CPU DLL:         SARMCM3.DLL V5.23
Dialog DLL:      DARMSTM.DLL V1.68.0.0
Target DLL:      UL2CM3.DLL V1.159.7.0
Dialog DLL:      TARMSTM.DLL V1.66.0.0
 
<h2>Project:</h2>
U:\Projet Voiture\CAN\CAN.uvproj
Project File Date:  11/09/2017

<h2>Output:</h2>
*** Using Compiler 'V5.06 update 4 (build 422)', folder: 'C:\Keil_v5\ARM\ARMCC\Bin'
Rebuild target 'STM32F103 Flash'
assembling startup_stm32f10x_md.s...
compiling system_stm32f10x.c...
compiling LCD_4bit.c...
compiling ADC.c...
compiling API_CAN.c...
API_CAN.h(65): warning:  #1-D: last line of file ends without a newline
  	
API_CAN.c: 1 warning, 0 errors
compiling CAN.c...
compiling test.c...
API_CAN.h(65): warning:  #1-D: last line of file ends without a newline
  	
test.c: 1 warning, 0 errors
linking...
Program Size: Code=3988 RO-data=396 RW-data=40 ZI-data=1080  
".\Flash\CanDemo.axf" - 0 Error(s), 2 Warning(s).
Build Time Elapsed:  00:00:03
</pre>
</body>
</html>
